{
  "OLE/OLE__WRITE__WHEN-BUTTON-PRESSED.tgg" : [
    10
  ]
}