{
  "PKG_CBOX.pkb" : [
    14,
    23,
    23,
    48
  ],
  "PKG_CBOX.pks" : [
    3,
    4,
    4,
    5
  ]
}