{
  "testsuite-utplsql/utplsql_pljson_table_test.sql" : [
    132
  ],
  "testsuite/pljson_ut.package.sql" : [
    155
  ]
}