{
  "src/addons/pljson_xml.package.sql" : [
    129
  ]
}