{
  "src/json_parser.sql" : [
    277
  ],
  "src/json_printer.sql" : [
    229,
    426
  ]
}