{
  "src/addons/pljson_object_cache.impl.sql" : [
    19
  ]
}