{
  "examples/ex_pljson_table.sql" : [
    114
  ],
  "testsuite/testall.sql" : [
    47
  ]
}