{
  "testsuite/json_parser_test.sql" : [
    122
  ]
}