{
  "src/addons/pljson_table_impl_body.typ" : [
    37,
    83
  ]
}