{
  "examples/ex8.sql" : [
    56,
    99
  ],
  "src/addons/json_xml.sql" : [
    45,
    143
  ],
  "src/addons/jsonml.sql" : [
    28
  ],
  "src/json_parser.sql" : [
    114,
    174,
    233,
    262,
    263,
    835
  ],
  "src/json_printer.sql" : [
    104,
    148,
    336,
    458,
    502,
    511,
    522
  ],
  "testsuite/json_ext_test.sql" : [
    145
  ],
  "testsuite/json_list_test.sql" : [
    279,
    293,
    294,
    311,
    325,
    339
  ],
  "testsuite/json_test.sql" : [
    195,
    209,
    210,
    224,
    238,
    252,
    266
  ]
}