{
  "CONST_LOCAL.pks" : [
    12,
    13,
    14,
    15,
    18
  ]
}