{
  "demos/employee_service.pkb" : [
    70
  ],
  "extras/as_pdf3.pkb" : [
    352
  ],
  "extras/pdfgen_pkg.pkb" : [
    866,
    3554
  ]
}