{
  "demos/employee_service.pkb" : [
    109
  ],
  "demos/owa_util_pkg_demo.sql" : [
    29
  ],
  "ora/flex_ws_api.pkb" : [
    98,
    267,
    443
  ]
}