{
  "CAST-6.sql" : [
    12
  ],
  "CREATE-TABLE-31.sql" : [
    6
  ],
  "CREATE-TABLE-46.sql" : [
    6
  ],
  "Concatenation-Operator-1.sql" : [
    2,
    3
  ],
  "Pattern-matching-Conditions-10.sql" : [
    2
  ],
  "constraint-3.sql" : [
    8
  ],
  "constraint-4.sql" : [
    8
  ]
}