{
  "adjsn/sql-json-function-json_object-19.sql" : [
    5
  ],
  "adjsn/sql-json-function-json_table-3.sql" : [
    12
  ],
  "lnpls/CREATE-TYPE-statement-15.sql" : [
    4,
    8
  ],
  "lnpls/CREATE-TYPE-statement-9.sql" : [
    7
  ],
  "lnpls/conditional-selection-statements-16.sql" : [
    3
  ],
  "lnpls/conditional-selection-statements-19.sql" : [
    3
  ],
  "lnpls/conditional-selection-statements-24.sql" : [
    3
  ],
  "lnpls/conditional-selection-statements-26.sql" : [
    3
  ],
  "lnpls/declarations-11.sql" : [
    3
  ],
  "lnpls/dml-triggers-44.sql" : [
    6
  ],
  "lnpls/dml-triggers-45.sql" : [
    8
  ],
  "lnpls/expressions-48.sql" : [
    3
  ],
  "lnpls/expressions-50.sql" : [
    3
  ],
  "lnpls/expressions-57.sql" : [
    3
  ],
  "lnpls/expressions-59.sql" : [
    3
  ],
  "lnpls/invokers-rights-and-definers-rights-authid-property-3.sql" : [
    4
  ],
  "lnpls/pl-sql-function-result-cache-10.sql" : [
    3
  ],
  "lnpls/pl-sql-function-result-cache-13.sql" : [
    3,
    4,
    5,
    9
  ],
  "lnpls/pl-sql-function-result-cache-9.sql" : [
    2,
    3
  ],
  "lnpls/scope-and-visibility-identifiers-0.sql" : [
    3
  ],
  "lnpls/sequential-control-statements-2.sql" : [
    3
  ],
  "lnpls/sql-data-types-48.sql" : [
    3
  ],
  "lnpls/sql-data-types-52.sql" : [
    3
  ],
  "lnpls/user-defined-pl-sql-subtypes-9.sql" : [
    3
  ],
  "sqlrf/CAST-7.sql" : [
    12
  ],
  "sqlrf/CREATE-TABLE-42.sql" : [
    6
  ],
  "sqlrf/CREATE-TABLE-57.sql" : [
    6
  ],
  "sqlrf/Concatenation-Operator-1.sql" : [
    2,
    3
  ],
  "sqlrf/Pattern-matching-Conditions-10.sql" : [
    2
  ],
  "sqlrf/constraint-3.sql" : [
    8
  ],
  "sqlrf/constraint-4.sql" : [
    8
  ],
  "sqlrf/domain_display-5.sql" : [
    6
  ],
  "sqlrf/domain_name-5.sql" : [
    6
  ],
  "sqlrf/domain_order-5.sql" : [
    6
  ]
}