{
  "sqlrf/Comments-0.sql" : [
    2,
    2,
    3
  ],
  "sqlrf/Comments-48.sql" : [
    2
  ],
  "sqlrf/Comments-49.sql" : [
    2
  ],
  "sqlrf/Expression-Lists-3.sql" : [
    3,
    3,
    3,
    3
  ],
  "sqlrf/JSON_TABLE-5.sql" : [
    2,
    2
  ],
  "sqlrf/JSON_TABLE-6.sql" : [
    2
  ],
  "sqlrf/ROW_NUMBER-1.sql" : [
    10,
    10,
    23,
    23
  ],
  "sqlrf/SELECT-19.sql" : [
    4
  ],
  "sqlrf/SELECT-43.sql" : [
    2,
    2
  ],
  "sqlrf/SELECT-51.sql" : [
    3,
    4,
    5
  ],
  "sqlrf/SELECT-64.sql" : [
    2,
    2,
    2
  ],
  "sqlrf/SELECT-66.sql" : [
    2,
    2,
    2
  ],
  "sqlrf/SELECT-95.sql" : [
    2,
    2
  ],
  "sqlrf/STATS_ONE_WAY_ANOVA-0.sql" : [
    2
  ],
  "sqlrf/XMLTABLE-2.sql" : [
    2
  ]
}