{
  "lnpls/plsql-language-fundamentals-27.sql" : [
    7
  ]
}