{
  "lnpls/plsql-language-fundamentals-66.sql" : [
    3,
    3
  ]
}