{
  "CURSOR-Expressions-1.sql" : [
    2,
    2
  ],
  "Using-Extensible-Indexing-1.sql" : [
    12,
    12,
    12,
    13,
    14,
    15,
    16,
    17,
    17,
    18,
    18,
    19,
    19,
    19,
    20,
    21,
    21,
    21,
    22,
    22,
    23,
    24,
    24,
    25,
    25,
    25,
    26,
    26,
    27,
    28,
    30,
    42,
    42,
    42,
    56,
    56,
    66,
    66,
    75,
    75,
    76,
    76,
    87,
    87,
    87,
    88,
    99,
    99,
    99,
    100,
    100,
    110,
    111,
    111,
    112,
    112,
    112,
    113,
    113,
    175,
    176,
    203
  ],
  "Using-Extensible-Indexing-2.sql" : [
    3,
    3,
    3
  ]
}