{
  "lnpls/CREATE-PACKAGE-BODY-statement-0.sql" : [
    14,
    29
  ],
  "lnpls/CREATE-TYPE-statement-10.sql" : [
    5
  ],
  "lnpls/CREATE-TYPE-statement-12.sql" : [
    3
  ],
  "lnpls/dynamic-sql-16.sql" : [
    2
  ],
  "lnpls/dynamic-sql-18.sql" : [
    2
  ],
  "lnpls/plsql-error-handling-34.sql" : [
    5,
    9
  ],
  "lnpls/plsql-error-handling-36.sql" : [
    7,
    11
  ],
  "lnpls/plsql-error-handling-38.sql" : [
    7,
    11
  ],
  "lnpls/plsql-error-handling-42.sql" : [
    10,
    15
  ],
  "lnpls/plsql-error-handling-71.sql" : [
    18
  ],
  "lnpls/plsql-name-resolution-23.sql" : [
    3,
    4,
    5
  ],
  "lnpls/plsql-triggers-116.sql" : [
    2
  ],
  "lnpls/plsql-triggers-118.sql" : [
    2
  ],
  "lnpls/plsql-triggers-122.sql" : [
    2
  ],
  "lnpls/plsql-triggers-126.sql" : [
    2
  ],
  "lnpls/plsql-triggers-130.sql" : [
    2
  ],
  "lnpls/plsql-triggers-134.sql" : [
    2
  ],
  "lnpls/plsql-triggers-138.sql" : [
    2
  ],
  "lnpls/plsql-triggers-148.sql" : [
    2
  ],
  "lnpls/plsql-triggers-152.sql" : [
    2
  ],
  "lnpls/plsql-triggers-158.sql" : [
    14
  ],
  "lnpls/plsql-triggers-160.sql" : [
    2
  ],
  "lnpls/plsql-triggers-162.sql" : [
    2
  ],
  "lnpls/plsql-triggers-17.sql" : [
    2
  ],
  "lnpls/plsql-triggers-23.sql" : [
    2
  ],
  "lnpls/plsql-triggers-4.sql" : [
    2
  ],
  "lnpls/plsql-triggers-50.sql" : [
    10
  ],
  "lnpls/plsql-triggers-73.sql" : [
    4
  ],
  "lnpls/plsql-triggers-92.sql" : [
    14
  ],
  "lnpls/plsql-triggers-98.sql" : [
    4,
    5,
    6,
    9,
    10,
    11
  ],
  "sqlrf/ALTER-SESSION-14.sql" : [
    4
  ],
  "sqlrf/ALTER-TABLE-118.sql" : [
    2,
    4
  ],
  "sqlrf/ALTER-TABLE-31.sql" : [
    3,
    4,
    5,
    6,
    7
  ],
  "sqlrf/ALTER-TABLE-95.sql" : [
    4,
    5,
    6
  ],
  "sqlrf/COLLATION-0.sql" : [
    5
  ],
  "sqlrf/COMMIT-0.sql" : [
    2
  ],
  "sqlrf/CREATE-TABLE-51.sql" : [
    2
  ],
  "sqlrf/CREATE-VIEW-7.sql" : [
    2
  ],
  "sqlrf/CURRENT_TIMESTAMP-2.sql" : [
    2
  ],
  "sqlrf/CURRENT_TIMESTAMP-3.sql" : [
    2
  ],
  "sqlrf/Comments-48.sql" : [
    3
  ],
  "sqlrf/DEREF-0.sql" : [
    2,
    4
  ],
  "sqlrf/Data-Types-19.sql" : [
    2
  ],
  "sqlrf/Data-Types-20.sql" : [
    2
  ],
  "sqlrf/Data-Types-22.sql" : [
    2,
    3,
    4,
    5,
    6,
    7,
    8,
    9
  ],
  "sqlrf/Data-Types-3.sql" : [
    3,
    4,
    5,
    6
  ],
  "sqlrf/HEXTORAW-0.sql" : [
    3
  ],
  "sqlrf/INSERT-0.sql" : [
    2
  ],
  "sqlrf/INSERT-1.sql" : [
    2
  ],
  "sqlrf/INSERT-10.sql" : [
    2,
    3,
    4
  ],
  "sqlrf/INSERT-11.sql" : [
    2,
    4,
    6
  ],
  "sqlrf/INSERT-14.sql" : [
    2
  ],
  "sqlrf/INSERT-27.sql" : [
    2
  ],
  "sqlrf/INSERT-28.sql" : [
    2
  ],
  "sqlrf/INSERT-3.sql" : [
    2
  ],
  "sqlrf/INSERT-4.sql" : [
    2
  ],
  "sqlrf/INSERT-6.sql" : [
    2
  ],
  "sqlrf/INSERT-7.sql" : [
    2
  ],
  "sqlrf/INSERT-8.sql" : [
    2
  ],
  "sqlrf/JSON_ARRAYAGG-0.sql" : [
    3,
    4,
    5,
    6
  ],
  "sqlrf/JSON_TABLE-5.sql" : [
    2
  ],
  "sqlrf/LOCALTIMESTAMP-2.sql" : [
    2
  ],
  "sqlrf/LOCALTIMESTAMP-3.sql" : [
    2
  ],
  "sqlrf/Literals-15.sql" : [
    2,
    3
  ],
  "sqlrf/Literals-18.sql" : [
    2
  ],
  "sqlrf/Literals-19.sql" : [
    2
  ],
  "sqlrf/Literals-20.sql" : [
    2
  ],
  "sqlrf/MERGE-1.sql" : [
    14,
    15,
    16,
    17,
    18
  ],
  "sqlrf/NANVL-0.sql" : [
    2
  ],
  "sqlrf/NLSSORT-1.sql" : [
    3,
    4,
    5
  ],
  "sqlrf/Pattern-matching-Conditions-10.sql" : [
    3
  ],
  "sqlrf/SELECT-115.sql" : [
    3,
    4,
    5,
    6,
    7,
    8,
    9,
    10,
    11,
    12,
    13,
    14,
    15,
    16,
    17,
    18,
    19,
    20,
    21,
    22
  ],
  "sqlrf/SELECT-73.sql" : [
    2
  ],
  "sqlrf/SELECT-90.sql" : [
    5,
    6,
    7,
    8
  ],
  "sqlrf/SELECT-99.sql" : [
    2
  ],
  "sqlrf/SQL-JSON-Conditions-15.sql" : [
    2,
    3,
    4,
    5,
    6,
    7,
    8
  ],
  "sqlrf/SQL-JSON-Conditions-20.sql" : [
    2,
    3,
    4
  ],
  "sqlrf/SQL-JSON-Conditions-29.sql" : [
    2,
    3,
    4,
    5,
    6,
    7
  ],
  "sqlrf/SQL-JSON-Conditions-37.sql" : [
    2,
    4,
    6
  ],
  "sqlrf/Sequence-Pseudocolumns-4.sql" : [
    2
  ],
  "sqlrf/Syntax-for-Schema-Objects-and-Parts-in-SQL-Statements-0.sql" : [
    2
  ],
  "sqlrf/TO_BINARY_DOUBLE-0.sql" : [
    4
  ],
  "sqlrf/TO_CHAR-character-2.sql" : [
    12,
    14,
    16,
    18
  ],
  "sqlrf/TO_CHAR-datetime-10.sql" : [
    12,
    14,
    16,
    18
  ],
  "sqlrf/TO_CHAR-datetime-2.sql" : [
    3,
    7
  ],
  "sqlrf/TO_CHAR-number-5.sql" : [
    12,
    14,
    16,
    18
  ],
  "sqlrf/Type-Constructor-Expressions-0.sql" : [
    8
  ],
  "sqlrf/Using-XML-in-SQL-Statements-1.sql" : [
    2
  ],
  "sqlrf/Using-XML-in-SQL-Statements-5.sql" : [
    2
  ],
  "sqlrf/XMLTRANSFORM-0.sql" : [
    3
  ],
  "sqlrf/create-domain-20.sql" : [
    2
  ],
  "sqlrf/create-domain-21.sql" : [
    2
  ],
  "sqlrf/domain_name-2.sql" : [
    2
  ],
  "sqlrf/domain_name-6.sql" : [
    2
  ],
  "sqlrf/sys_row_etag-0.sql" : [
    3
  ],
  "sqlrf/to_vector-1.sql" : [
    2
  ],
  "sqlrf/vector-0.sql" : [
    2
  ],
  "sqlrf/vector_chunks-1.sql" : [
    5
  ]
}