{
  "PKG_CONFIG.pkb" : [
    457
  ],
  "PRC_CHECK_FAM.pcd" : [
    71,
    111
  ],
  "PRC_GET_CHK_REF_INFO.pcd" : [
    7
  ],
  "PRC_SET_MIGRATE_RESULT.pcd" : [
    9,
    37
  ],
  "PRC_SET_STATISTIK.pcd" : [
    13,
    109
  ],
  "PRC_SET_STATISTIK_SINGLE.pcd" : [
    13,
    108
  ]
}