{
  "CTL_BASIC/CTL_BASIC__BT_ALL__WHEN-BUTTON-PRESSED.tgg" : [
    86
  ],
  "PKG_CONFIG.pkb" : [
    410
  ],
  "PRC_MSG.pcd" : [
    33
  ]
}