{
  "source/core/annotations/ut_annotation_manager.pkb" : [
    68
  ]
}