{
  "development/mystats/mystats_pkg.sql" : [
    193,
    194,
    195,
    196,
    212,
    218,
    219,
    331,
    337,
    346,
    350,
    351,
    361,
    367,
    369,
    421,
    441
  ],
  "examples/developer_examples/RunExampleTestAnnotationsParsingTimeHugePackage.sql" : [
    17,
    18
  ],
  "examples/developer_examples/RunExampleTestSuite.sql" : [
    39,
    40,
    41,
    42,
    45,
    46,
    49
  ],
  "source/api/ut_runner.pkb" : [
    149,
    150
  ],
  "source/core/coverage/proftab.sql" : [
    25,
    56,
    88,
    102
  ],
  "source/core/coverage/ut_coverage_helper_block.pkb" : [
    45,
    46,
    47,
    48
  ],
  "source/core/coverage/ut_coverage_runs.sql" : [
    17
  ],
  "source/core/output_buffers/ut_output_buffer_base.tpb" : [
    135,
    138
  ],
  "source/core/output_buffers/ut_output_bulk_buffer.tpb" : [
    82
  ],
  "source/core/output_buffers/ut_output_table_buffer.tpb" : [
    82
  ],
  "source/core/ut_expectation_processor.pkb" : [
    89,
    91,
    94
  ],
  "source/core/ut_utils.pkb" : [
    70,
    82,
    567,
    569
  ],
  "source/expectations/json_objects_specs.sql" : [
    4,
    10
  ],
  "source/uninstall.sql" : [
    34,
    35,
    36
  ],
  "source/uninstall_all.sql" : [
    36,
    37,
    38
  ],
  "source/uninstall_coverage_tables.sql" : [
    15,
    29
  ],
  "source/uninstall_objects.sql" : [
    14,
    16,
    403,
    416,
    421,
    426,
    427
  ],
  "source/uninstall_synonyms.sql" : [
    6,
    20,
    24,
    27,
    28,
    35,
    52,
    57,
    61,
    62
  ],
  "test/install_ut3_tester_helper.sql" : [
    63
  ],
  "test/install_ut3_tester_tests.sql" : [
    73
  ],
  "test/install_ut3_user_tests.sql" : [
    125
  ],
  "test/ut3_tester/core/test_ut_executable.pkb" : [
    69
  ],
  "test/ut3_user/api/test_ut_runner.pkb" : [
    182
  ]
}