{
  "source/core/annotations/ut_annotation_parser.pkb" : [
    134
  ],
  "source/core/types/ut_executable.tpb" : [
    47,
    47
  ],
  "source/core/types/ut_executable.tps" : [
    40,
    40
  ],
  "source/core/types/ut_executable_test.tpb" : [
    42,
    42,
    49
  ],
  "source/core/types/ut_executable_test.tps" : [
    29,
    29
  ],
  "source/core/types/ut_logical_suite.tpb" : [
    39
  ],
  "source/core/types/ut_logical_suite.tps" : [
    26
  ],
  "source/core/types/ut_run.tpb" : [
    47
  ],
  "source/core/types/ut_run.tps" : [
    40
  ],
  "source/core/types/ut_stack.tpb" : [
    26,
    50
  ],
  "source/core/types/ut_stack.tps" : [
    21,
    24
  ],
  "source/core/types/ut_suite.tpb" : [
    33
  ],
  "source/core/types/ut_suite.tps" : [
    33
  ],
  "source/core/types/ut_suite_item.tps" : [
    85
  ],
  "source/core/types/ut_test.tpb" : [
    50
  ],
  "source/core/types/ut_test.tps" : [
    63
  ],
  "source/core/ut_suite_builder.pkb" : [
    689
  ],
  "source/core/ut_suite_manager.pkb" : [
    52
  ],
  "source/expectations/matchers/ut_be_between.tpb" : [
    77
  ],
  "source/expectations/matchers/ut_be_between.tps" : [
    37
  ],
  "source/expectations/matchers/ut_be_empty.tpb" : [
    30
  ],
  "source/expectations/matchers/ut_be_empty.tps" : [
    20
  ],
  "source/expectations/matchers/ut_be_false.tpb" : [
    25
  ],
  "source/expectations/matchers/ut_be_false.tps" : [
    19
  ],
  "source/expectations/matchers/ut_be_greater_or_equal.tpb" : [
    67
  ],
  "source/expectations/matchers/ut_be_greater_or_equal.tps" : [
    26
  ],
  "source/expectations/matchers/ut_be_greater_than.tpb" : [
    67
  ],
  "source/expectations/matchers/ut_be_greater_than.tps" : [
    26
  ],
  "source/expectations/matchers/ut_be_less_or_equal.tpb" : [
    67
  ],
  "source/expectations/matchers/ut_be_less_or_equal.tps" : [
    26
  ],
  "source/expectations/matchers/ut_be_less_than.tpb" : [
    72
  ],
  "source/expectations/matchers/ut_be_less_than.tps" : [
    26
  ],
  "source/expectations/matchers/ut_be_like.tpb" : [
    27
  ],
  "source/expectations/matchers/ut_be_like.tps" : [
    21
  ],
  "source/expectations/matchers/ut_be_not_null.tpb" : [
    25
  ],
  "source/expectations/matchers/ut_be_not_null.tps" : [
    19
  ],
  "source/expectations/matchers/ut_be_null.tpb" : [
    25
  ],
  "source/expectations/matchers/ut_be_null.tps" : [
    19
  ],
  "source/expectations/matchers/ut_be_true.tpb" : [
    25
  ],
  "source/expectations/matchers/ut_be_true.tps" : [
    19
  ],
  "source/expectations/matchers/ut_be_within.tpb" : [
    109
  ],
  "source/expectations/matchers/ut_be_within.tps" : [
    31
  ],
  "source/expectations/matchers/ut_be_within_pct.tpb" : [
    49
  ],
  "source/expectations/matchers/ut_be_within_pct.tps" : [
    29
  ],
  "source/expectations/matchers/ut_contain.tpb" : [
    33,
    48
  ],
  "source/expectations/matchers/ut_contain.tps" : [
    28,
    29
  ],
  "source/expectations/matchers/ut_equal.tpb" : [
    286
  ],
  "source/expectations/matchers/ut_equal.tps" : [
    60
  ],
  "source/expectations/matchers/ut_have_count.tpb" : [
    26
  ],
  "source/expectations/matchers/ut_have_count.tps" : [
    22
  ],
  "source/expectations/matchers/ut_match.tpb" : [
    27
  ],
  "source/expectations/matchers/ut_match.tps" : [
    21
  ],
  "source/expectations/matchers/ut_matcher.tpb" : [
    19,
    26
  ],
  "source/expectations/matchers/ut_matcher.tps" : [
    31,
    32
  ]
}