{
  "examples/award_bonus/award_bonus.sql" : [
    13
  ],
  "source/api/ut.pkb" : [
    117
  ]
}