{
  "development/utplsql_style_check.sql" : [
    41,
    58
  ]
}