{
  "examples/employee_pipe.pkg" : [
    7,
    68
  ],
  "examples/filepath2.pkg" : [
    5,
    45
  ],
  "examples/te_employee.pkb" : [
    28,
    29,
    30,
    31,
    32,
    33,
    34,
    35,
    36,
    37,
    38,
    43,
    44
  ],
  "source/ut_assert.pkb" : [
    601
  ],
  "source/ut_assert.pks" : [
    34,
    35,
    296
  ],
  "source/ut_assert2.pkb" : [
    304,
    1675,
    2011,
    2220,
    3425,
    3426,
    3532,
    3580
  ],
  "source/ut_assert2.pks" : [
    35,
    36,
    578,
    590
  ],
  "source/ut_config.pks" : [
    44,
    46
  ],
  "source/ut_config.tab" : [
    3,
    4,
    6,
    15
  ],
  "source/ut_eq.tab" : [
    11,
    12
  ],
  "source/ut_gen.pks" : [
    42,
    43,
    44,
    122
  ],
  "source/ut_outcome.pks" : [
    32,
    33
  ],
  "source/ut_plsql.pks" : [
    37,
    38,
    39,
    40,
    41,
    42
  ],
  "source/ut_plsql2.pks" : [
    32,
    33
  ],
  "source/ut_plsql_util.pkb" : [
    62,
    880
  ],
  "source/ut_result2.pkb" : [
    108,
    168,
    233
  ],
  "source/ut_result2.pks" : [
    31,
    32
  ],
  "source/ut_suite.pks" : [
    37,
    38
  ],
  "source/ut_suiteutp.pkb" : [
    47
  ],
  "source/ut_suiteutp.pks" : [
    31,
    32
  ],
  "source/ut_testcase.pks" : [
    32,
    33
  ],
  "source/ut_unittest.pks" : [
    32,
    33
  ],
  "source/ut_unittest.tab" : [
    9
  ],
  "source/ut_utp.pkb" : [
    158
  ],
  "source/ut_utp.pks" : [
    31,
    32
  ],
  "source/ut_utp.tab" : [
    19
  ]
}