{
  "examples/te_employee.pkb" : [
    1688,
    1700
  ],
  "examples/ut_betwnstr.pkb" : [
    6,
    12
  ],
  "examples/ut_bstr.pkb" : [
    6,
    12
  ],
  "examples/ut_mybooks_pkg.sql" : [
    287,
    329
  ],
  "examples/ut_str.pkb" : [
    6,
    12
  ],
  "source/ut_assert2.pkb" : [
    3620,
    3626,
    3647
  ],
  "source/ut_output.pkb" : [
    123
  ],
  "source/ut_outputreporter.pkb" : [
    84,
    90,
    99,
    108,
    113
  ],
  "source/ut_plsql_util.pkb" : [
    329,
    379,
    391,
    463,
    489,
    512,
    519,
    551,
    566,
    851,
    856,
    1026,
    1159,
    1183,
    1187,
    1227,
    1245,
    1375,
    1382,
    1389,
    1396,
    1451,
    1458,
    1465,
    1472,
    1486,
    1499,
    1506,
    1529,
    1530,
    1532,
    1535,
    1549,
    1563,
    1568,
    1576,
    1590,
    1610,
    1617
  ],
  "source/ut_suite.pkb" : [
    274,
    276
  ],
  "source/ut_utoutput.pkb" : [
    60,
    66,
    85,
    86,
    87,
    101,
    102,
    103,
    104,
    137,
    138,
    160,
    174,
    175
  ]
}