{
  "examples/mybooks_setup.sql" : [
    28,
    29,
    30,
    31,
    31,
    31,
    32,
    32,
    32,
    33,
    38,
    45,
    52,
    52,
    52,
    58,
    58,
    58,
    64,
    70
  ],
  "examples/te_employee.pkb" : [
    936
  ],
  "examples/te_employee.pks" : [
    465
  ],
  "source/ut_assert.pkb" : [
    477,
    489
  ],
  "source/ut_assert.pks" : [
    236,
    243
  ],
  "source/ut_assert2.pkb" : [
    1467,
    1468,
    2473,
    2556,
    2638,
    2654,
    3115,
    3134,
    3152,
    3168,
    3428
  ],
  "source/ut_assert2.pks" : [
    266,
    282,
    484,
    500
  ],
  "source/ut_filereporter.pkb" : [
    44,
    44,
    44,
    193
  ],
  "source/ut_filereporter.pks" : [
    32,
    35,
    35,
    35
  ],
  "source/ut_htmlreporter.pkb" : [
    63,
    147,
    151
  ],
  "source/ut_htmlreporter.pks" : [
    43
  ],
  "source/ut_output.pkb" : [
    137,
    137
  ],
  "source/ut_output.pks" : [
    64,
    64
  ],
  "source/ut_outputreporter.pkb" : [
    50,
    51,
    52,
    61,
    213,
    298,
    302,
    314
  ],
  "source/ut_outputreporter.pks" : [
    42
  ],
  "source/ut_package.pkb" : [
    352,
    353,
    354,
    415,
    416,
    417
  ],
  "source/ut_package.pks" : [
    70,
    71,
    72,
    97,
    98,
    99
  ],
  "source/ut_plsql_util.pkb" : [
    62,
    88,
    89,
    90,
    91,
    92,
    110,
    111,
    120,
    121,
    157,
    158,
    174,
    175,
    184,
    185,
    201,
    202,
    218,
    219,
    244,
    264,
    265,
    266,
    297,
    321,
    484,
    501,
    541,
    571,
    580,
    581,
    609,
    632,
    642,
    756,
    768,
    784,
    800,
    800,
    819,
    819,
    843,
    860,
    868,
    869,
    971,
    993,
    994,
    995,
    1035,
    1036,
    1037,
    1099,
    1120,
    1120,
    1136,
    1137,
    1138,
    1154,
    1192,
    1209,
    1281,
    1281,
    1311,
    1312,
    1338,
    1339,
    1340,
    1341,
    1342,
    1441,
    1514,
    1515,
    1516,
    1517,
    1518
  ],
  "source/ut_plsql_util.pks" : [
    75,
    76,
    88,
    89,
    94,
    95,
    100,
    101,
    106,
    107,
    112,
    113,
    118,
    119,
    125,
    126,
    127,
    131,
    136,
    141,
    146,
    147,
    152,
    154,
    156,
    159,
    162,
    162,
    165,
    167,
    174,
    175,
    184,
    187,
    188,
    189,
    195,
    196,
    197,
    200,
    204,
    205,
    206,
    207,
    208
  ],
  "source/ut_receq.pkb" : [
    34
  ],
  "source/ut_report.pkb" : [
    213
  ],
  "source/ut_report.pks" : [
    41,
    42,
    46,
    51
  ],
  "source/ut_result.pkb" : [
    233,
    257,
    266,
    286
  ],
  "source/ut_result.pks" : [
    106,
    110,
    115,
    120
  ],
  "source/ut_result2.pkb" : [
    335
  ],
  "source/ut_result2.pks" : [
    106
  ],
  "source/ut_suite.pkb" : [
    173,
    174,
    230,
    231,
    232
  ],
  "source/ut_suite.pks" : [
    63,
    64,
    65,
    71,
    72,
    73
  ],
  "source/ut_test.pkb" : [
    138,
    139,
    140,
    173,
    174,
    175
  ],
  "source/ut_test.pks" : [
    59,
    60,
    61,
    67,
    68,
    69
  ],
  "source/ut_testcase.pkb" : [
    137,
    138,
    139,
    172,
    173,
    174
  ],
  "source/ut_testcase.pks" : [
    62,
    63,
    64,
    70,
    71,
    72
  ]
}