{
  "examples/employee_pipe.pkg" : [
    30,
    31,
    32,
    33,
    34,
    35,
    36,
    37,
    38,
    39,
    40,
    41,
    45,
    108,
    109,
    110,
    111,
    112,
    113,
    114,
    115,
    116,
    117,
    118,
    119,
    170
  ],
  "source/ut_output.pkb" : [
    54
  ],
  "source/ut_output.pks" : [
    43
  ],
  "source/ut_plsql_util.pkb" : [
    244,
    297,
    870,
    871
  ],
  "source/ut_plsql_util.pks" : [
    176,
    177
  ]
}