{
  "examples/employee_pipe.pkg" : [
    212
  ],
  "source/ut_assert2.pkb" : [
    1409,
    1739
  ],
  "source/ut_pipe.pkb" : [
    52
  ],
  "source/ut_plsql_util.pkb" : [
    1223,
    1232,
    1252,
    1298,
    1318
  ]
}