{
  "examples/te_employee.pkb" : [
    70,
    1212,
    1213,
    1373
  ],
  "source/ut_assert.pkb" : [
    296,
    297,
    298,
    299,
    336,
    337,
    430,
    442,
    454,
    466
  ],
  "source/ut_assert2.pkb" : [
    294,
    683,
    1261,
    1262,
    1263,
    1264,
    1265,
    1303,
    1646,
    1657,
    1659,
    1661,
    1663,
    1669,
    1792,
    2891,
    2892,
    2893,
    2894,
    2895,
    3188
  ],
  "source/ut_htmlreporter.pkb" : [
    118,
    124,
    139
  ],
  "source/ut_outputreporter.pkb" : [
    253,
    265,
    281
  ],
  "source/ut_plsql2.pkb" : [
    151,
    308
  ],
  "source/ut_plsql_util.pkb" : [
    995
  ],
  "source/ut_result.pkb" : [
    48,
    131,
    154,
    160,
    177,
    195,
    211,
    222
  ],
  "source/ut_result2.pkb" : [
    32,
    33
  ],
  "source/ut_testprep.pkb" : [
    32,
    39
  ],
  "source/ut_utp.pkb" : [
    231
  ]
}