{
  "examples/filepath2.pkg" : [
    128
  ],
  "examples/te_employee.pkb" : [
    88,
    115,
    137,
    161,
    185,
    209,
    236,
    258,
    282,
    306,
    330,
    357,
    379,
    403,
    427
  ],
  "source/ut_assert2.pkb" : [
    819,
    3266
  ],
  "source/ut_output.pkb" : [
    59
  ],
  "source/ut_outputreporter.pkb" : [
    59
  ],
  "source/ut_package.pkb" : [
    63,
    135,
    139
  ],
  "source/ut_plsql2.pkb" : [
    248,
    266
  ],
  "source/ut_result.pkb" : [
    62
  ],
  "source/ut_result2.pkb" : [
    50
  ],
  "source/ut_runittest.pkb" : [
    99
  ]
}