{
  "examples/te_employee.pkb" : [
    24
  ],
  "source/ut_filereporter.pkb" : [
    35
  ],
  "source/ut_package.pkb" : [
    184,
    227
  ],
  "source/ut_plsql_util.pkb" : [
    300,
    301,
    586,
    587
  ],
  "source/ut_report.pkb" : [
    50,
    82
  ]
}