{
  "CHK_MYFFI_SAMPLE5/ON-LOGON.tgg" : [
    2
  ]
}