{
  "BLK/BLK__PB_WEB_FFI__WHEN-BUTTON-PRESSED.tgg" : [
    5
  ]
}