{
  "examples-sql-script/package_with_cursor.sql" : [
    3
  ]
}